==================================================
📺 SmallTV-Ultra 레트로 게이밍 대시보드 (Animated GIF Engine)
🌐 웹 컨트롤러: http://localhost:8765
🎯 대상 기기 IP: 10.100.1.145
==================================================
[*] Background SmallTV push loop started (Target: http://10.100.1.145)[*] Ledger Watcher started (Watching: /Users/2510-n0001/variProjects/ai-hook-monitor/.data/ledger)

[*] Rendering new Animated Dashboard GIF (Time: 14:32, Pomo: 2/12)
[*] Watching ledger: /Users/2510-n0001/variProjects/ai-hook-monitor/.data/ledger/2026-09-30.jsonl
[*] SmallTV Web Controller running at: http://localhost:8765
[*] Rendering new Animated Dashboard GIF (Time: 14:33, Pomo: 2/12)
[+] Hook Event Detected from ai-hook-monitor: AGY Stop
127.0.0.1 - - [30/Sep/2026 14:33:02] "POST /api/notify HTTP/1.1" 200 -
[+] Hook Event Detected from ai-hook-monitor: AGY Stop
[*] Displaying Celebration GIF for AGY (Task #3)
[*] Celebration GIF rendered: 77172 bytes
[*] Celebration expired. Restoring Dashboard GIF...
[*] Rendering new Animated Dashboard GIF (Time: 14:33, Pomo: 3/12)
[*] Rendering new Animated Dashboard GIF (Time: 14:34, Pomo: 3/12)
[*] Rendering new Animated Dashboard GIF (Time: 14:35, Pomo: 3/12)
[*] Rendering new Animated Dashboard GIF (Time: 14:36, Pomo: 3/12)
[*] Rendering new Animated Dashboard GIF (Time: 14:37, Pomo: 3/12)
